Setting top to                           : /home/ritesh/ardupilot 
Setting out to                           : /home/ritesh/ardupilot/build 
Autoconfiguration                        : enabled 
Checking for program 'python'            : /home/ritesh/venv-ardupilot/bin/python3 
Checking for python version >= 3.9.0     : 3.12.3 
Setting board to                         : sitl 
Processing /home/ritesh/ardupilot/libraries/AP_HAL_SITL/hwdef/sitl/hwdef.dat
Writing hwdef setup in /home/ritesh/ardupilot/build/sitl/hwdef.h
Using toolchain                          : native 
Checking for 'g++' (C++ compiler)        : /usr/lib/ccache/g++ 
Checking for 'gcc' (C compiler)          : /usr/lib/ccache/gcc 
Checking for c flags '-MMD'              : yes 
Checking for cxx flags '-MMD'            : yes 
CXX Compiler                             : g++ 13.3.0 
Checking for need to link with librt     : not necessary 
Checking for feenableexcept              : yes 
Enabling -Werror                         : no 
Enabled OpenDroneID                      : no 
Enabled firmware ID checking             : no 
GPS Debug Logging                        : no 
Enabled custom controller                : yes 
Checking for HAVE_CMATH_ISFINITE         : yes 
Checking for HAVE_CMATH_ISINF            : yes 
Checking for HAVE_CMATH_ISNAN            : yes 
Checking for NEED_CMATH_ISFINITE_STD_NAMESPACE : yes 
Checking for NEED_CMATH_ISINF_STD_NAMESPACE    : yes 
Checking for NEED_CMATH_ISNAN_STD_NAMESPACE    : yes 
Checking for header endian.h                   : yes 
Checking for header byteswap.h                 : yes 
Checking for HAVE_MEMRCHR                      : yes 
Configured VSCode Intellisense:                : no 
DC_DSDL compiler in                            : /home/ritesh/ardupilot/modules/DroneCAN/dronecan_dsdlc 
Source is git repository                       : yes 
Update submodules                              : yes 
Checking for program 'git'                     : /usr/bin/git 
Littlefs                                       : disabled 
Checking for program 'size'                    : /usr/bin/size 
Benchmarks                                     : disabled 
Unit tests                                     : enabled 
Scripting                                      : maybe 
Scripting runtime checks                       : enabled 
Debug build                                    : disabled 
Coverage build                                 : disabled 
Consistent build                               : disabled 
Force 32-bit build                             : disabled 
Checking for program 'rsync'                   : /usr/bin/rsync 
Removing target_list file /home/ritesh/ardupilot/build/sitl/target_list
'configure' finished successfully (1.249s)
Waf: Entering directory `/home/ritesh/ardupilot/build/sitl'
Embedding file default_params/airsim-quadX.parm:Tools/autotest/default_params/airsim-quadX.parm
Embedding file default_params/airsim-rover.parm:Tools/autotest/default_params/airsim-rover.parm
Embedding file default_params/balancebot.parm:Tools/autotest/default_params/balancebot.parm
Embedding file default_params/blimp-motor.parm:Tools/autotest/default_params/blimp-motor.parm
Embedding file default_params/blimp.parm:Tools/autotest/default_params/blimp.parm
Embedding file default_params/copter-X.parm:Tools/autotest/default_params/copter-X.parm
Embedding file default_params/copter-beacon.parm:Tools/autotest/default_params/copter-beacon.parm
Embedding file default_params/copter-bfx.parm:Tools/autotest/default_params/copter-bfx.parm
Embedding file default_params/copter-coax.parm:Tools/autotest/default_params/copter-coax.parm
Embedding file default_params/copter-cwx.parm:Tools/autotest/default_params/copter-cwx.parm
Embedding file default_params/copter-deca-cwx.parm:Tools/autotest/default_params/copter-deca-cwx.parm
Embedding file default_params/copter-deca.parm:Tools/autotest/default_params/copter-deca.parm
Embedding file default_params/copter-djix.parm:Tools/autotest/default_params/copter-djix.parm
Embedding file default_params/copter-dodecahexa.parm:Tools/autotest/default_params/copter-dodecahexa.parm
Embedding file default_params/copter-dotriaconta_octaquad_x.parm:Tools/autotest/default_params/copter-dotriaconta_octaquad_x.parm
Embedding file default_params/copter-gimbal.parm:Tools/autotest/default_params/copter-gimbal.parm
Embedding file default_params/copter-gps-for-yaw-nmea.parm:Tools/autotest/default_params/copter-gps-for-yaw-nmea.parm
Embedding file default_params/copter-gps-for-yaw.parm:Tools/autotest/default_params/copter-gps-for-yaw.parm
Embedding file default_params/copter-heli-ddfptail.parm:Tools/autotest/default_params/copter-heli-ddfptail.parm
Embedding file default_params/copter-heli-ddvptail.parm:Tools/autotest/default_params/copter-heli-ddvptail.parm
Embedding file default_params/copter-heli-dual.parm:Tools/autotest/default_params/copter-heli-dual.parm
Embedding file default_params/copter-heli-gas.parm:Tools/autotest/default_params/copter-heli-gas.parm
Embedding file default_params/copter-heli.parm:Tools/autotest/default_params/copter-heli.parm
Embedding file default_params/copter-hexa-cwx.parm:Tools/autotest/default_params/copter-hexa-cwx.parm
Embedding file default_params/copter-hexa-dji.parm:Tools/autotest/default_params/copter-hexa-dji.parm
Embedding file default_params/copter-hexa.parm:Tools/autotest/default_params/copter-hexa.parm
Embedding file default_params/copter-hexadeca_octa.parm:Tools/autotest/default_params/copter-hexadeca_octa.parm
Embedding file default_params/copter-hexadeca_octa_cwx.parm:Tools/autotest/default_params/copter-hexadeca_octa_cwx.parm
Embedding file default_params/copter-octa-cwx.parm:Tools/autotest/default_params/copter-octa-cwx.parm
Embedding file default_params/copter-octa-dji.parm:Tools/autotest/default_params/copter-octa-dji.parm
Embedding file default_params/copter-octa.parm:Tools/autotest/default_params/copter-octa.parm
Embedding file default_params/copter-octaquad-cor.parm:Tools/autotest/default_params/copter-octaquad-cor.parm
Embedding file default_params/copter-octaquad-cw-cor.parm:Tools/autotest/default_params/copter-octaquad-cw-cor.parm
Embedding file default_params/copter-octaquad-cwx.parm:Tools/autotest/default_params/copter-octaquad-cwx.parm
Embedding file default_params/copter-octaquad.parm:Tools/autotest/default_params/copter-octaquad.parm
Embedding file default_params/copter-optflow.parm:Tools/autotest/default_params/copter-optflow.parm
Embedding file default_params/copter-ppp-periph.parm:Tools/autotest/default_params/copter-ppp-periph.parm
Embedding file default_params/copter-ppp.parm:Tools/autotest/default_params/copter-ppp.parm
Embedding file default_params/copter-rangefinder.parm:Tools/autotest/default_params/copter-rangefinder.parm
Embedding file default_params/copter-single.parm:Tools/autotest/default_params/copter-single.parm
Embedding file default_params/copter-tri.parm:Tools/autotest/default_params/copter-tri.parm
Embedding file default_params/copter-vicon.parm:Tools/autotest/default_params/copter-vicon.parm
Embedding file default_params/copter-winch.parm:Tools/autotest/default_params/copter-winch.parm
Embedding file default_params/copter-wind-estimates.parm:Tools/autotest/default_params/copter-wind-estimates.parm
Embedding file default_params/copter-y6.parm:Tools/autotest/default_params/copter-y6.parm
Embedding file default_params/copter.parm:Tools/autotest/default_params/copter.parm
Embedding file default_params/firefly.parm:Tools/autotest/default_params/firefly.parm
Embedding file default_params/gazebo-iris.parm:Tools/autotest/default_params/gazebo-iris.parm
Embedding file default_params/gazebo-zephyr.parm:Tools/autotest/default_params/gazebo-zephyr.parm
Embedding file default_params/glider.parm:Tools/autotest/default_params/glider.parm
Embedding file default_params/motorboat.parm:Tools/autotest/default_params/motorboat.parm
Embedding file default_params/msposd.parm:Tools/autotest/default_params/msposd.parm
Embedding file default_params/periph-ppp.parm:Tools/autotest/default_params/periph-ppp.parm
Embedding file default_params/periph.parm:Tools/autotest/default_params/periph.parm
Embedding file default_params/plane-dspoilers.parm:Tools/autotest/default_params/plane-dspoilers.parm
Embedding file default_params/plane-elevons.parm:Tools/autotest/default_params/plane-elevons.parm
Embedding file default_params/plane-ice.parm:Tools/autotest/default_params/plane-ice.parm
Embedding file default_params/plane-jet.parm:Tools/autotest/default_params/plane-jet.parm
Embedding file default_params/plane-jsbsim.parm:Tools/autotest/default_params/plane-jsbsim.parm
Embedding file default_params/plane-redundant.parm:Tools/autotest/default_params/plane-redundant.parm
Embedding file default_params/plane-soaring.parm:Tools/autotest/default_params/plane-soaring.parm
Embedding file default_params/plane-tailsitter.parm:Tools/autotest/default_params/plane-tailsitter.parm
Embedding file default_params/plane-vtail.parm:Tools/autotest/default_params/plane-vtail.parm
Embedding file default_params/quad-can.parm:Tools/autotest/default_params/quad-can.parm
Embedding file default_params/quad-periph.parm:Tools/autotest/default_params/quad-periph.parm
Embedding file default_params/quadplane-can.parm:Tools/autotest/default_params/quadplane-can.parm
Embedding file default_params/quadplane-cl84.parm:Tools/autotest/default_params/quadplane-cl84.parm
Embedding file default_params/quadplane-copter_tailsitter.parm:Tools/autotest/default_params/quadplane-copter_tailsitter.parm
Embedding file default_params/quadplane-ice.parm:Tools/autotest/default_params/quadplane-ice.parm
Embedding file default_params/quadplane-periph.parm:Tools/autotest/default_params/quadplane-periph.parm
Embedding file default_params/quadplane-ppp-periph.parm:Tools/autotest/default_params/quadplane-ppp-periph.parm
Embedding file default_params/quadplane-ppp.parm:Tools/autotest/default_params/quadplane-ppp.parm
Embedding file default_params/quadplane-tilt.parm:Tools/autotest/default_params/quadplane-tilt.parm
Embedding file default_params/quadplane-tilthvec.parm:Tools/autotest/default_params/quadplane-tilthvec.parm
Embedding file default_params/quadplane-tilttri.parm:Tools/autotest/default_params/quadplane-tilttri.parm
Embedding file default_params/quadplane-tilttrivec.parm:Tools/autotest/default_params/quadplane-tilttrivec.parm
Embedding file default_params/quadplane-tri.parm:Tools/autotest/default_params/quadplane-tri.parm
Embedding file default_params/quadplane.parm:Tools/autotest/default_params/quadplane.parm
Embedding file default_params/rover-omni3mecanum.parm:Tools/autotest/default_params/rover-omni3mecanum.parm
Embedding file default_params/rover-skid.parm:Tools/autotest/default_params/rover-skid.parm
Embedding file default_params/rover-vectored.parm:Tools/autotest/default_params/rover-vectored.parm
Embedding file default_params/rover.parm:Tools/autotest/default_params/rover.parm
Embedding file default_params/sailboat-motor.parm:Tools/autotest/default_params/sailboat-motor.parm
Embedding file default_params/sailboat.parm:Tools/autotest/default_params/sailboat.parm
Embedding file default_params/stratoblimp.parm:Tools/autotest/default_params/stratoblimp.parm
Embedding file default_params/sub-6dof.parm:Tools/autotest/default_params/sub-6dof.parm
Embedding file default_params/sub-gps-for-yaw-nmea.parm:Tools/autotest/default_params/sub-gps-for-yaw-nmea.parm
Embedding file default_params/sub.parm:Tools/autotest/default_params/sub.parm
Embedding file default_params/tracker-gps-for-yaw.parm:Tools/autotest/default_params/tracker-gps-for-yaw.parm
Embedding file locations.txt:Tools/autotest/locations.txt
Embedding file models/Callisto.json:Tools/autotest/models/Callisto.json
Embedding file models/Callisto.parm:Tools/autotest/models/Callisto.parm
Embedding file models/freestyle.json:Tools/autotest/models/freestyle.json
Embedding file models/freestyle.parm:Tools/autotest/models/freestyle.parm
Embedding file models/plane-3d.parm:Tools/autotest/models/plane-3d.parm
Embedding file models/plane.parm:Tools/autotest/models/plane.parm
Embedding file models/skywalker_2013.json:Tools/autotest/models/skywalker_2013.json
Embedding file models/xplane_heli.json:Tools/autotest/models/xplane_heli.json
Embedding file models/xplane_plane.json:Tools/autotest/models/xplane_plane.json
Embedding file vehicleinfo.json:Tools/autotest/pysim/vehicleinfo.json
No target_list file found, creating
Generating compile_commands.json
Build commands will be stored in build/sitl/compile_commands.json
Generating compile_commands.json
Build commands will be stored in build/sitl/compile_commands.json
[1418/1419] Linking build/sitl/bin/arducopter
[1419/1419] checking symbols build/sitl/bin/arducopter
Waf: Leaving directory `/home/ritesh/ardupilot/build/sitl'

BUILD SUMMARY
Build directory: /home/ritesh/ardupilot/build/sitl
Target          Text (B)  Data (B)  BSS (B)  Total Flash Used (B)  Free Flash (B)  External Flash Used (B)
----------------------------------------------------------------------------------------------------------
bin/arducopter   4413566    213573   224640               4627139  Not Applicable  Not Applicable         

'build' finished successfully (2.725s)
RiTW: Starting ArduCopter : /home/ritesh/ardupilot/build/sitl/bin/arducopter --model + --speedup 1 --slave 0 --sim-address=127.0.0.1 -I0
Connect tcp:127.0.0.1:5760 source_system=255
Loaded module console
/home/ritesh/venv-ardupilot/lib/python3.12/site-packages/matplotlib/projections/__init__.py:63: UserWarning: Unable to import Axes3D. This may be due to multiple versions of Matplotlib being installed (e.g. as a system package and as a pip package). As a result, the 3D projection is not available.
  warnings.warn("Unable to import Axes3D. This may be due to multiple versions of "
/home/ritesh/venv-ardupilot/lib/python3.12/site-packages/matplotlib/projections/__init__.py:63: UserWarning: Unable to import Axes3D. This may be due to multiple versions of Matplotlib being installed (e.g. as a system package and as a pip package). As a result, the 3D projection is not available.
  warnings.warn("Unable to import Axes3D. This may be due to multiple versions of "
Loaded module map
Log Directory: 
Telemetry log: mav.tlog
Waiting for heartbeat from tcp:127.0.0.1:5760
MAV> Unloading module link
Unloading module signing
Unloading module log
Unloading module wp
Unloading module rally
Unloading module fence
Unloading module ftp
Unloading module param
Unloading module relay
Unloading module tuneopt
Unloading module arm
Unloading module mode
Unloading module calibration
Unloading module rc
Unloading module auxopt
Unloading module misc
Unloading module cmdlong
Unloading module battery
Unloading module terrain
Unloading module output
Unloading module adsb
Unloading module layout
Unloading module console
Unloading module map
SIM_VEHICLE: Start
SIM_VEHICLE: Killing tasks
SIM_VEHICLE: Starting up at SITL location
SIM_VEHICLE: WAF build
SIM_VEHICLE: Configure waf
SIM_VEHICLE: "/home/ritesh/ardupilot/modules/waf/waf-light" "configure" "--board" "sitl"
{'model': '+', 'waf_target': 'bin/arducopter', 'default_params_filename': 'default_params/copter.parm', 'sitl-port': True}
SIM_VEHICLE: Building
SIM_VEHICLE: "/home/ritesh/ardupilot/modules/waf/waf-light" "build" "--target" "bin/arducopter"
SIM_VEHICLE: Run ArduCopter
SIM_VEHICLE: "/home/ritesh/ardupilot/Tools/autotest/run_in_terminal_window.sh" "ArduCopter" "/home/ritesh/ardupilot/build/sitl/bin/arducopter" "--model" "+" "--speedup" "1" "--slave" "0" "--sim-address=127.0.0.1" "-I0"
SIM_VEHICLE: Run MavProxy
SIM_VEHICLE: "mavproxy.py" "--retries" "5" "--out" "127.0.0.1:14550" "--master" "tcp:127.0.0.1:5760" "--sitl" "127.0.0.1:5501" "--out" "udp:127.0.0.1:14550" "--out" "udp:127.0.0.1:14551" "--map" "--console"
SIM_VEHICLE: MAVProxy exited
SIM_VEHICLE: Killing tasks
